[dotenv@17.2.3] injecting env (30) from .env -- tip: ΓÜÖ∩╕Å  write to custom object with { processEnv: myObject }
--- Test 1: Cloudinary Video ---
[Test] Mocking Meta Credentials
[WhatsApp] Transforming Cloudinary URL: https://res.cloudinary.com/demo/video/upload/dog.mp4 -> https://res.cloudinary.com/demo/video/upload/f_mp4,vc_h264:baseline:3.0,ac_aac,br_500k,q_auto/dog.mp4
node : (node:22852) 
Warning: Setting the 
NODE_TLS_REJECT_UNAUT
HORIZED environment 
variable to '0' 
makes TLS 
connections and 
HTTPS requests 
insecure by 
disabling 
certificate 
verification.
At line:1 char:1
+ node scripts/test_w
hatsapp_media.js > 
test_output.txt 2>&1
+ ~~~~~~~~~~~~~~~~~~~
~~~~~~~~~~~~~~~~~~~~~
~~~~~~~~~~~~~~~~~~
    + CategoryInfo   
           : NotSpe  
  cified: ((node:2   
 2852) Wa...e ver    
ification.:Strin    
g) [], RemoteExc    
eption
    + FullyQualified 
   ErrorId : Native  
  CommandError
 
(Use `node 
--trace-warnings 
...` to show where 
the warning was 
created)
[WhatsApp] Media 
Error: {
  message: 'Invalid 
OAuth access token - 
Cannot parse access 
token',
  type: 
'OAuthException',
  code: 190,
  fbtrace_id: 'A3CTko
PgQ8FoqwRrFeyWqzk'
}

--- Test 2: Normal Video ---
[Test] Mocking Meta Credentials
[WhatsApp] Media 
Error: {
  message: 'Invalid 
OAuth access token - 
Cannot parse access 
token',
  type: 
'OAuthException',
  code: 190,
  fbtrace_id: 'A9Prca
j4jFOFK4o55__ap3K'
}
